<p><img alt="HTML5" src="http://www.w3.org/html/logo/img/mark-word-icon.png" /></p>